Compact serial proof-build receipt
Original diagnostic log bytes: 49688628
Original log SHA-256: f7a6a413b7f96f3618e80df02920ea90252c04be485f824cfa38f12b7db57167
Final endpoint tail:
0: 'Challenge.Ripemd160.Submission.Proofs.Bytecode.J2End.accumulate_after' depends on axioms: [propext, Quot.sound]
info: Challenge/Ripemd160/Submission/Proofs/Bytecode/J2End.lean:47:0: 'Challenge.Ripemd160.Submission.Proofs.Bytecode.J2End.end_acc' depends on axioms: [propext, Quot.sound]
ℹ [3709/3719] Replayed Challenge.Ripemd160.Submission.Proofs.Bytecode.J2Loop
info: Challenge/Ripemd160/Submission/Proofs/Bytecode/J2Loop.lean:144:0: 'Challenge.Ripemd160.Submission.Proofs.Bytecode.J2Loop.gasSteps_hit' depends on axioms: [propext,
 Classical.choice,
 Quot.sound]
info: Challenge/Ripemd160/Submission/Proofs/Bytecode/J2Loop.lean:145:0: 'Challenge.Ripemd160.Submission.Proofs.Bytecode.J2Loop.gasSteps_miss' depends on axioms: [propext,
 Classical.choice,
 Quot.sound]
ℹ [3710/3719] Replayed Challenge.Ripemd160.Submission.Proofs.Bytecode.J2Sites
info: Challenge/Ripemd160/Submission/Proofs/Bytecode/J2Sites.lean:324:0: 'Challenge.Ripemd160.Submission.Proofs.Bytecode.J2Sites.moves' depends on axioms: [propext,
 Classical.choice,
 Quot.sound]
info: Challenge/Ripemd160/Submission/Proofs/Bytecode/J2Sites.lean:325:0: 'Challenge.Ripemd160.Submission.Proofs.Bytecode.J2Sites.gasSteps_generic_entry' depends on axioms: [propext,
 Classical.choice,
 Quot.sound]
ℹ [3711/3719] Replayed Challenge.Ripemd160.Submission.Proofs.Bytecode.RecognitionSelectorRaw
info: Challenge/Ripemd160/Submission/Proofs/Bytecode/RecognitionSelectorRaw.lean:78:0: 'Challenge.Ripemd160.Submission.Proofs.Bytecode.RecognitionSelectorRaw.run_prefix' depends on axioms: [propext,
 Quot.sound]
info: Challenge/Ripemd160/Submission/Proofs/Bytecode/RecognitionSelectorRaw.lean:79:0: 'Challenge.Ripemd160.Submission.Proofs.Bytecode.RecognitionSelectorRaw.run_finish' depends on axioms: [propext,
 Quot.sound]
ℹ [3714/3719] Replayed Challenge.Ripemd160.Submission.Proofs.Bytecode.RecognitionSelectorResult
info: Challenge/Ripemd160/Submission/Proofs/Bytecode/RecognitionSelectorResult.lean:76:0: 'Challenge.Ripemd160.Submission.Proofs.Bytecode.RecognitionSelectorResult.gasSteps_copy_size' depends on axioms: [propext,
 Classical.choice,
 Quot.sound]
info: Challenge/Ripemd160/Submission/Proofs/Bytecode/RecognitionSelectorResult.lean:77:0: 'Challenge.Ripemd160.Submission.Proofs.Bytecode.RecognitionSelectorResult.returned_spec' depends on axioms: [propext,
 Classical.choice,
 Quot.sound]
ℹ [3715/3719] Replayed Challenge.Ripemd160.Submission.Proofs.Bytecode.J2Payload
info: Challenge/Ripemd160/Submission/Proofs/Bytecode/J2Payload.lean:95:0: 'Challenge.Ripemd160.Submission.Proofs.Bytecode.J2Payload.read_selected' depends on axioms: [propext,
 Classical.choice,
 Quot.sound]
ℹ [3716/3719] Replayed Challenge.Ripemd160.Submission.Proofs.Bytecode.J2Return
info: Challenge/Ripemd160/Submission/Proofs/Bytecode/J2Return.lean:89:0: 'Challenge.Ripemd160.Submission.Proofs.Bytecode.J2Return.gasSteps' depends on axioms: [propext,
 Classical.choice,
 Quot.sound]
info: Challenge/Ripemd160/Submission/Proofs/Bytecode/J2Return.lean:90:0: 'Challenge.Ripemd160.Submission.Proofs.Bytecode.J2Return.output_spec' depends on axioms: [propext,
 Classical.choice,
 Quot.sound]
ℹ [3717/3719] Replayed Challenge.Ripemd160.Submission.Proofs.Bytecode.J2Correct
info: Challenge/Ripemd160/Submission/Proofs/Bytecode/J2Correct.lean:55:0: 'Challenge.Ripemd160.Submission.Proofs.Bytecode.J2Correct.of_returned' depends on axioms: [propext,
 Classical.choice,
 Quot.sound]
info: Challenge/Ripemd160/Submission/Proofs/Bytecode/J2Correct.lean:56:0: 'Challenge.Ripemd160.Submission.Proofs.Bytecode.J2Correct.from_entry' depends on axioms: [propext,
 Classical.choice,
 Quot.sound]
ℹ [3718/3719] Replayed Challenge.Ripemd160.Submission.Proofs.Bytecode.RecognitionCorrect
info: Challenge/Ripemd160/Submission/Proofs/Bytecode/RecognitionCorrect.lean:18:0: 'Challenge.Ripemd160.Submission.Proofs.Bytecode.RecognitionCorrect.from_entry' depends on axioms: [propext,
 Classical.choice,
 Quot.sound]
ℹ [3719/3719] Built Challenge.Ripemd160.Submission.Solution (26s)
info: Challenge/Ripemd160/Submission/Solution.lean:19:0: 'Challenge.Ripemd160.Benchmark.candidate' depends on axioms: [propext, Classical.choice, Quot.sound]
Build completed successfully (3719 jobs).
