ℹ [996/1044] Replayed Challenge.Ripemd160.Submission.Proofs.Bytecode.DataProgram
info: Challenge/Ripemd160/Submission/Proofs/Bytecode/DataProgram.lean:172:0: 'Challenge.EvmProof.DataProgramArtifact.decodeAt_op_index' depends on axioms: [propext, Classical.choice, Quot.sound]
info: Challenge/Ripemd160/Submission/Proofs/Bytecode/DataProgram.lean:173:0: 'Challenge.EvmProof.DataProgramArtifact.decodeAt_push_index' depends on axioms: [propext, Classical.choice, Quot.sound]
info: Challenge/Ripemd160/Submission/Proofs/Bytecode/DataProgram.lean:174:0: 'Challenge.EvmProof.DataProgramArtifact.isValidJumpDest_index' depends on axioms: [propext,
 Classical.choice,
 Quot.sound]
ℹ [1033/1044] Replayed Challenge.Ripemd160.Submission.Proofs.Bytecode.ScheduleLayout
info: Challenge/Ripemd160/Submission/Proofs/Bytecode/ScheduleLayout.lean:95:0: 'Challenge.Ripemd160.Submission.Proofs.Bytecode.ScheduleLayout.perm_of_ge' depends on axioms: [propext, Quot.sound]
info: Challenge/Ripemd160/Submission/Proofs/Bytecode/ScheduleLayout.lean:96:0: 'Challenge.Ripemd160.Submission.Proofs.Bytecode.ScheduleLayout.perm_perm' depends on axioms: [propext, Quot.sound]
info: Challenge/Ripemd160/Submission/Proofs/Bytecode/ScheduleLayout.lean:97:0: 'Challenge.Ripemd160.Submission.Proofs.Bytecode.ScheduleLayout.perm_inj' depends on axioms: [propext, Quot.sound]
info: Challenge/Ripemd160/Submission/Proofs/Bytecode/ScheduleLayout.lean:98:0: 'Challenge.Ripemd160.Submission.Proofs.Bytecode.ScheduleLayout.perm_lt' does not depend on any axioms
info: Challenge/Ripemd160/Submission/Proofs/Bytecode/ScheduleLayout.lean:99:0: 'Challenge.Ripemd160.Submission.Proofs.Bytecode.ScheduleLayout.perm_le' depends on axioms: [propext, Quot.sound]
info: Challenge/Ripemd160/Submission/Proofs/Bytecode/ScheduleLayout.lean:100:0: 'Challenge.Ripemd160.Submission.Proofs.Bytecode.ScheduleLayout.perm_table' does not depend on any axioms
info: Challenge/Ripemd160/Submission/Proofs/Bytecode/ScheduleLayout.lean:101:0: 'Challenge.Ripemd160.Submission.Proofs.Bytecode.ScheduleLayout.perm_sixteen' does not depend on any axioms
info: Challenge/Ripemd160/Submission/Proofs/Bytecode/ScheduleLayout.lean:102:0: 'Challenge.Ripemd160.Submission.Proofs.Bytecode.ScheduleLayout.cell_sixteen' does not depend on any axioms
info: Challenge/Ripemd160/Submission/Proofs/Bytecode/ScheduleLayout.lean:103:0: 'Challenge.Ripemd160.Submission.Proofs.Bytecode.ScheduleLayout.cell_le' depends on axioms: [propext, Quot.sound]
info: Challenge/Ripemd160/Submission/Proofs/Bytecode/ScheduleLayout.lean:104:0: 'Challenge.Ripemd160.Submission.Proofs.Bytecode.ScheduleLayout.cell_lt_word' depends on axioms: [propext, Quot.sound]
info: Challenge/Ripemd160/Submission/Proofs/Bytecode/ScheduleLayout.lean:105:0: 'Challenge.Ripemd160.Submission.Proofs.Bytecode.ScheduleLayout.cell_disjoint' depends on axioms: [propext, Quot.sound]
ℹ [1034/1044] Replayed Challenge.Ripemd160.Submission.Proofs.Bytecode.PairedScheduleLift
info: Challenge/Ripemd160/Submission/Proofs/Bytecode/PairedScheduleLift.lean:86:0: 'Challenge.Ripemd160.Submission.Proofs.Bytecode.PairedScheduleOverlap.readWord_halves' depends on axioms: [propext,
 Classical.choice,
 Quot.sound]
info: Challenge/Ripemd160/Submission/Proofs/Bytecode/PairedScheduleLift.lean:87:0: 'Challenge.Ripemd160.Submission.Proofs.Bytecode.PairedScheduleOverlap.halves_of_small' depends on axioms: [propext,
 Classical.choice,
 Quot.sound]
info: Challenge/Ripemd160/Submission/Proofs/Bytecode/PairedScheduleLift.lean:88:0: 'Challenge.Ripemd160.Submission.Proofs.Bytecode.PairedScheduleOverlap.readWord_offset16' depends on axioms: [propext,
 Classical.choice,
 Quot.sound]
info: Challenge/Ripemd160/Submission/Proofs/Bytecode/PairedScheduleLift.lean:89:0: 'Challenge.Ripemd160.Submission.Proofs.Bytecode.PairedScheduleOverlap.read_schedule_upper' depends on axioms: [propext,
 Classical.choice,
 Quot.sound]
info: Challenge/Ripemd160/Submission/Proofs/Bytecode/PairedScheduleLift.lean:141:0: 'Challenge.Ripemd160.Submission.Proofs.Bytecode.PairedScheduleOverlap.readWord_offset16_wide' depends on axioms: [propext,
 Classical.choice,
 Quot.sound]
info: Challenge/Ripemd160/Submission/Proofs/Bytecode/PairedScheduleLift.lean:142:0: 'Challenge.Ripemd160.Submission.Proofs.Bytecode.PairedScheduleOverlap.readWord_offset16_wide' depends on axioms: [propext,
 Classical.choice,
 Quot.sound]
info: Challenge/Ripemd160/Submission/Proofs/Bytecode/PairedScheduleLift.lean:143:0: 'Challenge.Ripemd160.Submission.Proofs.Bytecode.PairedScheduleOverlap.read_schedule_upper_wide' depends on axioms: [propext,
 Classical.choice,
 Quot.sound]
info: Challenge/Ripemd160/Submission/Proofs/Bytecode/PairedScheduleLift.lean:324:0: 'Challenge.Ripemd160.Submission.Proofs.Bytecode.PairedScheduleMemory.read_writeWord' depends on axioms: [propext,
 Classical.choice,
 Quot.sound]
info: Challenge/Ripemd160/Submission/Proofs/Bytecode/PairedScheduleLift.lean:325:0: 'Challenge.Ripemd160.Submission.Proofs.Bytecode.PairedScheduleMemory.read_writeWord_disjoint' depends on axioms: [propext,
 Classical.choice,
 Quot.sound]
info: Challenge/Ripemd160/Submission/Proofs/Bytecode/PairedScheduleLift.lean:326:0: 'Challenge.Ripemd160.Submission.Proofs.Bytecode.PairedScheduleMemory.read_storeCells' depends on axioms: [propext,
 Classical.choice,
 Quot.sound]
info: Challenge/Ripemd160/Submission/Proofs/Bytecode/PairedScheduleLift.lean:327:0: 'Challenge.Ripemd160.Submission.Proofs.Bytecode.PairedScheduleMemory.read_storeCells_outside' depends on axioms: [propext,
 Classical.choice,
 Quot.sound]
info: Challenge/Ripemd160/Submission/Proofs/Bytecode/PairedScheduleLift.lean:328:0: 'Challenge.Ripemd160.Submission.Proofs.Bytecode.PairedScheduleMemory.getD_storeCells_outside' depends on axioms: [propext,
 Classical.choice,
 Quot.sound]
info: Challenge/Ripemd160/Submission/Proofs/Bytecode/PairedScheduleLift.lean:329:0: 'Challenge.Ripemd160.Submission.Proofs.Bytecode.PairedScheduleMemory.read_normalized_cell' depends on axioms: [propext,
 Classical.choice,
 Quot.sound]
info: Challenge/Ripemd160/Submission/Proofs/Bytecode/PairedScheduleLift.lean:330:0: 'Challenge.Ripemd160.Submission.Proofs.Bytecode.PairedScheduleMemory.read_normalized_upper' depends on axioms: [propext,
 Classical.choice,
 Quot.sound]
info: Challenge/Ripemd160/Submission/Proofs/Bytecode/PairedScheduleLift.lean:331:0: 'Challenge.Ripemd160.Submission.Proofs.Bytecode.PairedScheduleMemory.read_normalized_outside' depends on axioms: [propext,
 Classical.choice,
 Quot.sound]
info: Challenge/Ripemd160/Submission/Proofs/Bytecode/PairedScheduleLift.lean:332:0: 'Challenge.Ripemd160.Submission.Proofs.Bytecode.PairedScheduleMemory.getD_normalized_outside' depends on axioms: [propext,
 Classical.choice,
 Quot.sound]
info: Challenge/Ripemd160/Submission/Proofs/Bytecode/PairedScheduleLift.lean:333:0: 'Challenge.Ripemd160.Submission.Proofs.Bytecode.PairedScheduleMemory.readPadded_normalized_outside' depends on axioms: [propext,
 Classical.choice,
 Quot.sound]
info: Challenge/Ripemd160/Submission/Proofs/Bytecode/PairedScheduleLift.lean:334:0: 'Challenge.Ripemd160.Submission.Proofs.Bytecode.PairedScheduleMemory.read_normalized_hash' depends on axioms: [propext,
 Classical.choice,
 Quot.sound]
info: Challenge/Ripemd160/Submission/Proofs/Bytecode/PairedScheduleLift.lean:433:0: 'Challenge.Ripemd160.Submission.Proofs.Bytecode.PairedScheduleMemory.writeWord_size' depends on axioms: [propext,
 Classical.choice,
 Quot.sound]
info: Challenge/Ripemd160/Submission/Proofs/Bytecode/PairedScheduleLift.lean:434:0: 'Challenge.Ripemd160.Submission.Proofs.Bytecode.PairedScheduleMemory.storeCells_size' depends on axioms: [propext,
 Classical.choice,
 Quot.sound]
info: Challenge/Ripemd160/Submission/Proofs/Bytecode/PairedScheduleLift.lean:435:0: 'Challenge.Ripemd160.Submission.Proofs.Bytecode.PairedScheduleMemory.normalizedMemory_size' depends on axioms: [propext,
 Classical.choice,
 Quot.sound]
info: Challenge/Ripemd160/Submission/Proofs/Bytecode/PairedScheduleLift.lean:436:0: 'Challenge.Ripemd160.Submission.Proofs.Bytecode.PairedScheduleMemory.normalizedMemory_size_of_ge' depends on axioms: [propext,
 Classical.choice,
 Quot.sound]
info: Challenge/Ripemd160/Submission/Proofs/Bytecode/PairedScheduleLift.lean:437:0: 'Challenge.Ripemd160.Submission.Proofs.Bytecode.PairedScheduleMemory.active_cell' depends on axioms: [propext,
 Quot.sound]
info: Challenge/Ripemd160/Submission/Proofs/Bytecode/PairedScheduleLift.lean:438:0: 'Challenge.Ripemd160.Submission.Proofs.Bytecode.PairedScheduleMemory.active_cell_preserved' depends on axioms: [propext,
 Quot.sound]
info: Challenge/Ripemd160/Submission/Proofs/Bytecode/PairedScheduleLift.lean:439:0: 'Challenge.Ripemd160.Submission.Proofs.Bytecode.PairedScheduleMemory.active_wrapped_cell_preserved' depends on axioms: [propext,
 Quot.sound]
info: Challenge/Ripemd160/Submission/Proofs/Bytecode/PairedScheduleLift.lean:440:0: 'Challenge.Ripemd160.Submission.Proofs.Bytecode.PairedScheduleMemory.active_load_ge23' depends on axioms: [propext,
 Quot.sound]
info: Challenge/Ripemd160/Submission/Proofs/Bytecode/PairedScheduleLift.lean:463:0: 'Challenge.Ripemd160.Submission.Proofs.Bytecode.PairedScheduleMemory.read_normalized_upper_wide' depends on axioms: [propext,
 Classical.choice,
 Quot.sound]
info: Challenge/Ripemd160/Submission/Proofs/Bytecode/PairedScheduleLift.lean:683:0: 'Challenge.Ripemd160.Submission.Proofs.Bytecode.PairedScheduleData.reversedWord_eq_packed' depends on axioms: [propext,
 Classical.choice,
 Quot.sound]
info: Challenge/Ripemd160/Submission/Proofs/Bytecode/PairedScheduleLift.lean:684:0: 'Challenge.Ripemd160.Submission.Proofs.Bytecode.PairedScheduleData.shr_zero' depends on axioms: [propext,
 Classical.choice,
 Quot.sound]
info: Challenge/Ripemd160/Submission/Proofs/Bytecode/PairedScheduleLift.lean:685:0: 'Challenge.Ripemd160.Submission.Proofs.Bytecode.PairedScheduleData.chunk_eq_le4' depends on axioms: [propext,
 Classical.choice,
 Quot.sound]
info: Challenge/Ripemd160/Submission/Proofs/Bytecode/PairedScheduleLift.lean:686:0: 'Challenge.Ripemd160.Submission.Proofs.Bytecode.PairedScheduleData.extractedWord_eq_littleWord' depends on axioms: [propext,
 Classical.choice,
 Quot.sound]
info: Challenge/Ripemd160/Submission/Proofs/Bytecode/PairedScheduleLift.lean:687:0: 'Challenge.Ripemd160.Submission.Proofs.Bytecode.PairedScheduleData.littleWord_bound' depends on axioms: [propext,
 Classical.choice,
 Quot.sound]
info: Challenge/Ripemd160/Submission/Proofs/Bytecode/PairedScheduleLift.lean:688:0: 'Challenge.Ripemd160.Submission.Proofs.Bytecode.PairedScheduleData.extractedWord_bound' depends on axioms: [propext,
 Classical.choice,
 Quot.sound]
info: Challenge/Ripemd160/Submission/Proofs/Bytecode/PairedScheduleLift.lean:689:0: 'Challenge.Ripemd160.Submission.Proofs.Bytecode.PairedScheduleData.loadOffsetWord_toNat' depends on axioms: [propext,
 Classical.choice,
 Quot.sound]
info: Challenge/Ripemd160/Submission/Proofs/Bytecode/PairedScheduleLift.lean:690:0: 'Challenge.Ripemd160.Submission.Proofs.Bytecode.PairedScheduleData.extractedWord_eq_expectedWord' depends on axioms: [propext,
 Classical.choice,
 Quot.sound]
info: Challenge/Ripemd160/Submission/Proofs/Bytecode/PairedScheduleLift.lean:691:0: 'Challenge.Ripemd160.Submission.Proofs.Bytecode.PairedScheduleData.read_normalized_extracted' depends on axioms: [propext,
 Classical.choice,
 Quot.sound]
info: Challenge/Ripemd160/Submission/Proofs/Bytecode/PairedScheduleLift.lean:692:0: 'Challenge.Ripemd160.Submission.Proofs.Bytecode.PairedScheduleData.read_normalized_extracted_upper' depends on axioms: [propext,
 Classical.choice,
 Quot.sound]
info: Challenge/Ripemd160/Submission/Proofs/Bytecode/PairedScheduleLift.lean:771:0: 'Challenge.Ripemd160.Submission.Proofs.Bytecode.PairedSchedulePrimitives.run_storeTemplate' depends on axioms: [propext,
 Quot.sound]
info: Challenge/Ripemd160/Submission/Proofs/Bytecode/PairedScheduleLift.lean:772:0: 'Challenge.Ripemd160.Submission.Proofs.Bytecode.PairedSchedulePrimitives.run_maskTemplate' depends on axioms: [propext,
 Quot.sound]
info: Challenge/Ripemd160/Submission/Proofs/Bytecode/PairedScheduleLift.lean:773:0: 'Challenge.Ripemd160.Submission.Proofs.Bytecode.PairedSchedulePrimitives.run_duplicateShiftTemplate' depends on axioms: [propext,
 Classical.choice,
 Quot.sound]
info: Challenge/Ripemd160/Submission/Proofs/Bytecode/PairedScheduleLift.lean:849:0: 'Challenge.Ripemd160.Submission.Proofs.Bytecode.PairedScheduleStores.run_firstTemplate' depends on axioms: [propext,
 Classical.choice,
 Quot.sound]
info: Challenge/Ripemd160/Submission/Proofs/Bytecode/PairedScheduleLift.lean:850:0: 'Challenge.Ripemd160.Submission.Proofs.Bytecode.PairedScheduleStores.run_middleTemplate' depends on axioms: [propext,
 Classical.choice,
 Quot.sound]
info: Challenge/Ripemd160/Submission/Proofs/Bytecode/PairedScheduleLift.lean:851:0: 'Challenge.Ripemd160.Submission.Proofs.Bytecode.PairedScheduleStores.run_lastTemplate' depends on axioms: [propext,
 Quot.sound]
info: Challenge/Ripemd160/Submission/Proofs/Bytecode/PairedScheduleLift.lean:961:0: 'Challenge.Ripemd160.Submission.Proofs.Bytecode.PairedScheduleHalves.schedule_cell_lt' depends on axioms: [propext,
 Quot.sound]
info: Challenge/Ripemd160/Submission/Proofs/Bytecode/PairedScheduleLift.lean:962:0: 'Challenge.Ripemd160.Submission.Proofs.Bytecode.PairedScheduleHalves.run_keepTemplate' depends on axioms: [propext,
 Classical.choice,
 Quot.sound]
info: Challenge/Ripemd160/Submission/Proofs/Bytecode/PairedScheduleLift.lean:963:0: 'Challenge.Ripemd160.Submission.Proofs.Bytecode.PairedScheduleHalves.run_prefixTemplate' depends on axioms: [propext,
 Classical.choice,
 Quot.sound]
info: Challenge/Ripemd160/Submission/Proofs/Bytecode/PairedScheduleLift.lean:964:0: 'Challenge.Ripemd160.Submission.Proofs.Bytecode.PairedScheduleHalves.run_halfTemplate' depends on axioms: [propext,
 Classical.choice,
 Quot.sound]
info: Challenge/Ripemd160/Submission/Proofs/Bytecode/PairedScheduleLift.lean:1119:0: 'Challenge.Ripemd160.Submission.Proofs.Bytecode.PairedScheduleCombined.run_reversedHalfTemplate' depends on axioms: [propext,
 Classical.choice,
 Quot.sound]
info: Challenge/Ripemd160/Submission/Proofs/Bytecode/PairedScheduleLift.lean:1120:0: 'Challenge.Ripemd160.Submission.Proofs.Bytecode.PairedScheduleCombined.storeCells_congr' depends on axioms: [propext,
 Quot.sound]
info: Challenge/Ripemd160/Submission/Proofs/Bytecode/PairedScheduleLift.lean:1121:0: 'Challenge.Ripemd160.Submission.Proofs.Bytecode.PairedScheduleCombined.store_upper_schedule' depends on axioms: [propext,
 Quot.sound]
info: Challenge/Ripemd160/Submission/Proofs/Bytecode/PairedScheduleLift.lean:1122:0: 'Challenge.Ripemd160.Submission.Proofs.Bytecode.PairedScheduleCombined.store_lower_schedule' depends on axioms: [propext,
 Quot.sound]
info: Challenge/Ripemd160/Submission/Proofs/Bytecode/PairedScheduleLift.lean:1123:0: 'Challenge.Ripemd160.Submission.Proofs.Bytecode.PairedScheduleCombined.run_sentinelTemplate' depends on axioms: [propext,
 Quot.sound]
info: Challenge/Ripemd160/Submission/Proofs/Bytecode/PairedScheduleLift.lean:1124:0: 'Challenge.Ripemd160.Submission.Proofs.Bytecode.PairedScheduleCombined.run_fullTemplate' depends on axioms: [propext,
 Classical.choice,
 Quot.sound]
info: Challenge/Ripemd160/Submission/Proofs/Bytecode/PairedScheduleLift.lean:1264:0: 'Challenge.Ripemd160.Submission.Proofs.Bytecode.PairedScheduleContract.pointer_add32_toNat' depends on axioms: [propext,
 Quot.sound]
info: Challenge/Ripemd160/Submission/Proofs/Bytecode/PairedScheduleLift.lean:1265:0: 'Challenge.Ripemd160.Submission.Proofs.Bytecode.PairedScheduleContract.loaded_active_ge23' depends on axioms: [propext,
 Quot.sound]
info: Challenge/Ripemd160/Submission/Proofs/Bytecode/PairedScheduleLift.lean:1266:0: 'Challenge.Ripemd160.Submission.Proofs.Bytecode.PairedScheduleContract.packedWord_eq_reversedWord' depends on axioms: [propext,
 Classical.choice,
 Quot.sound]
info: Challenge/Ripemd160/Submission/Proofs/Bytecode/PairedScheduleLift.lean:1267:0: 'Challenge.Ripemd160.Submission.Proofs.Bytecode.PairedScheduleContract.chunkValue_packed' depends on axioms: [propext,
 Classical.choice,
 Quot.sound]
info: Challenge/Ripemd160/Submission/Proofs/Bytecode/PairedScheduleLift.lean:1268:0: 'Challenge.Ripemd160.Submission.Proofs.Bytecode.PairedScheduleContract.scheduleWords_eq_extracted' depends on axioms: [propext,
 Classical.choice,
 Quot.sound]
info: Challenge/Ripemd160/Submission/Proofs/Bytecode/PairedScheduleLift.lean:1269:0: 'Challenge.Ripemd160.Submission.Proofs.Bytecode.PairedScheduleContract.normalizedMemory_congr' depends on axioms: [propext,
 Quot.sound]
info: Challenge/Ripemd160/Submission/Proofs/Bytecode/PairedScheduleLift.lean:1270:0: 'Challenge.Ripemd160.Submission.Proofs.Bytecode.PairedScheduleContract.run_fullTemplate_natural' depends on axioms: [propext,
 Classical.choice,
 Quot.sound]
info: Challenge/Ripemd160/Submission/Proofs/Bytecode/PairedScheduleLift.lean:1271:0: 'Challenge.Ripemd160.Submission.Proofs.Bytecode.PairedScheduleContract.fullTemplate_length' depends on axioms: [propext]
info: Challenge/Ripemd160/Submission/Proofs/Bytecode/PairedScheduleLift.lean:1272:0: 'Challenge.Ripemd160.Submission.Proofs.Bytecode.PairedScheduleContract.fullTemplate_byteLength' depends on axioms: [propext,
 Classical.choice,
 Quot.sound]
info: Challenge/Ripemd160/Submission/Proofs/Bytecode/PairedScheduleLift.lean:1273:0: 'Challenge.Ripemd160.Submission.Proofs.Bytecode.PairedScheduleContract.fullTemplate_staticGas' depends on axioms: [propext,
 Classical.choice,
 Quot.sound]
info: Challenge/Ripemd160/Submission/Proofs/Bytecode/PairedScheduleLift.lean:1452:0: 'Challenge.Ripemd160.Submission.Proofs.Bytecode.PairedScheduleExact.fullTemplate_eq_frozenInstructions' depends on axioms: [propext,
 Classical.choice,
 Quot.sound]
info: Challenge/Ripemd160/Submission/Proofs/Bytecode/PairedScheduleLift.lean:1526:0: 'Challenge.Ripemd160.Submission.Proofs.Bytecode.PairedScheduleLift.fullTemplate_advances' depends on axioms: [propext,
 Classical.choice,
 Quot.sound]
info: Challenge/Ripemd160/Submission/Proofs/Bytecode/PairedScheduleLift.lean:1527:0: 'Challenge.Ripemd160.Submission.Proofs.Bytecode.PairedScheduleLift.runLocatedBlock_fullTemplate' depends on axioms: [propext,
 Classical.choice,
 Quot.sound]
info: Challenge/Ripemd160/Submission/Proofs/Bytecode/PairedScheduleLift.lean:1528:0: 'Challenge.Ripemd160.Submission.Proofs.Bytecode.PairedScheduleLift.gasSteps_fullTemplate' depends on axioms: [propext,
 Classical.choice,
 Quot.sound]
ℹ [1037/1044] Replayed Challenge.Ripemd160.Submission.Proofs.Bytecode.PairTableMemory
info: Challenge/Ripemd160/Submission/Proofs/Bytecode/PairTableMemory.lean:79:0: 'Challenge.Ripemd160.Submission.Proofs.Bytecode.PairTableMemory.getD_pair' depends on axioms: [propext,
 Classical.choice,
 Quot.sound]
info: Challenge/Ripemd160/Submission/Proofs/Bytecode/PairTableMemory.lean:152:0: 'Challenge.Ripemd160.Submission.Proofs.Bytecode.PairTableMemory.read_pair' depends on axioms: [propext,
 Classical.choice,
 Quot.sound]
info: Challenge/Ripemd160/Submission/Proofs/Bytecode/PairTableMemory.lean:219:0: 'Challenge.Ripemd160.Submission.Proofs.Bytecode.PairTableMemory.storeDescending_size' depends on axioms: [propext,
 Classical.choice,
 Quot.sound]
info: Challenge/Ripemd160/Submission/Proofs/Bytecode/PairTableMemory.lean:220:0: 'Challenge.Ripemd160.Submission.Proofs.Bytecode.PairTableMemory.read_table_outside' depends on axioms: [propext,
 Classical.choice,
 Quot.sound]
info: Challenge/Ripemd160/Submission/Proofs/Bytecode/PairTableMemory.lean:221:0: 'Challenge.Ripemd160.Submission.Proofs.Bytecode.PairTableMemory.erase_scratch' depends on axioms: [propext,
 Classical.choice,
 Quot.sound]
ℹ [1038/1044] Replayed Challenge.Ripemd160.Submission.Proofs.Bytecode.PairTableActive
info: Challenge/Ripemd160/Submission/Proofs/Bytecode/PairTableActive.lean:110:0: 'Challenge.Ripemd160.Submission.Proofs.Bytecode.PairTableActive.loaded_active_ge34' depends on axioms: [propext,
 Quot.sound]
info: Challenge/Ripemd160/Submission/Proofs/Bytecode/PairTableActive.lean:111:0: 'Challenge.Ripemd160.Submission.Proofs.Bytecode.PairTableActive.word_active_preserved' depends on axioms: [propext,
 Quot.sound]
info: Challenge/Ripemd160/Submission/Proofs/Bytecode/PairTableActive.lean:112:0: 'Challenge.Ripemd160.Submission.Proofs.Bytecode.PairTableActive.zero_active_preserved' depends on axioms: [propext,
 Quot.sound]
ℹ [1039/1044] Replayed Challenge.Ripemd160.Submission.Proofs.Bytecode.Stagger144Active
info: Challenge/Ripemd160/Submission/Proofs/Bytecode/Stagger144Active.lean:47:0: 'Challenge.Ripemd160.Submission.Proofs.Bytecode.Stagger144Active.loaded_active_ge35' depends on axioms: [propext,
 Quot.sound]
info: Challenge/Ripemd160/Submission/Proofs/Bytecode/Stagger144Active.lean:48:0: 'Challenge.Ripemd160.Submission.Proofs.Bytecode.Stagger144Active.word_active_preserved' depends on axioms: [propext,
 Quot.sound]
ℹ [1040/1044] Replayed Challenge.Ripemd160.Submission.Proofs.Bytecode.PairedLaneUInt256Bridge
info: Challenge/Ripemd160/Submission/Proofs/Bytecode/PairedLaneUInt256Bridge.lean:88:0: 'Challenge.Ripemd160.Submission.Proofs.Bytecode.PairedLaneUInt256Bridge.bits_word' does not depend on any axioms
info: Challenge/Ripemd160/Submission/Proofs/Bytecode/PairedLaneUInt256Bridge.lean:89:0: 'Challenge.Ripemd160.Submission.Proofs.Bytecode.PairedLaneUInt256Bridge.word_bits' does not depend on any axioms
info: Challenge/Ripemd160/Submission/Proofs/Bytecode/PairedLaneUInt256Bridge.lean:90:0: 'Challenge.Ripemd160.Submission.Proofs.Bytecode.PairedLaneUInt256Bridge.bits_injective' does not depend on any axioms
info: Challenge/Ripemd160/Submission/Proofs/Bytecode/PairedLaneUInt256Bridge.lean:91:0: 'Challenge.Ripemd160.Submission.Proofs.Bytecode.PairedLaneUInt256Bridge.bits_toNat' does not depend on any axioms
info: Challenge/Ripemd160/Submission/Proofs/Bytecode/PairedLaneUInt256Bridge.lean:92:0: 'Challenge.Ripemd160.Submission.Proofs.Bytecode.PairedLaneUInt256Bridge.bits_ofNat' does not depend on any axioms
info: Challenge/Ripemd160/Submission/Proofs/Bytecode/PairedLaneUInt256Bridge.lean:93:0: 'Challenge.Ripemd160.Submission.Proofs.Bytecode.PairedLaneUInt256Bridge.bits_add' does not depend on any axioms
info: Challenge/Ripemd160/Submission/Proofs/Bytecode/PairedLaneUInt256Bridge.lean:94:0: 'Challenge.Ripemd160.Submission.Proofs.Bytecode.PairedLaneUInt256Bridge.bits_mul' does not depend on any axioms
info: Challenge/Ripemd160/Submission/Proofs/Bytecode/PairedLaneUInt256Bridge.lean:95:0: 'Challenge.Ripemd160.Submission.Proofs.Bytecode.PairedLaneUInt256Bridge.bits_land' depends on axioms: [propext,
 Quot.sound]
info: Challenge/Ripemd160/Submission/Proofs/Bytecode/PairedLaneUInt256Bridge.lean:96:0: 'Challenge.Ripemd160.Submission.Proofs.Bytecode.PairedLaneUInt256Bridge.bits_lor' depends on axioms: [propext,
 Quot.sound]
info: Challenge/Ripemd160/Submission/Proofs/Bytecode/PairedLaneUInt256Bridge.lean:97:0: 'Challenge.Ripemd160.Submission.Proofs.Bytecode.PairedLaneUInt256Bridge.bits_xor' depends on axioms: [propext,
 Quot.sound]
info: Challenge/Ripemd160/Submission/Proofs/Bytecode/PairedLaneUInt256Bridge.lean:98:0: 'Challenge.Ripemd160.Submission.Proofs.Bytecode.PairedLaneUInt256Bridge.bits_lnot' depends on axioms: [propext,
 Classical.choice,
 Quot.sound]
info: Challenge/Ripemd160/Submission/Proofs/Bytecode/PairedLaneUInt256Bridge.lean:99:0: 'Challenge.Ripemd160.Submission.Proofs.Bytecode.PairedLaneUInt256Bridge.small_shift_toNat' depends on axioms: [propext]
info: Challenge/Ripemd160/Submission/Proofs/Bytecode/PairedLaneUInt256Bridge.lean:100:0: 'Challenge.Ripemd160.Submission.Proofs.Bytecode.PairedLaneUInt256Bridge.bits_shr' depends on axioms: [propext]
info: Challenge/Ripemd160/Submission/Proofs/Bytecode/PairedLaneUInt256Bridge.lean:101:0: 'Challenge.Ripemd160.Submission.Proofs.Bytecode.PairedLaneUInt256Bridge.bits_shl' depends on axioms: [propext]
ℹ [1042/1044] Replayed Challenge.Ripemd160.Submission.Proofs.Bytecode.PairStoreMerge
info: Challenge/Ripemd160/Submission/Proofs/Bytecode/PairStoreMerge.lean:247:0: 'Challenge.Ripemd160.Submission.Proofs.Bytecode.PairStoreMerge.packed_toNat' depends on axioms: [propext,
 Classical.choice,
 Quot.sound]
info: Challenge/Ripemd160/Submission/Proofs/Bytecode/PairStoreMerge.lean:248:0: 'Challenge.Ripemd160.Submission.Proofs.Bytecode.PairStoreMerge.encoded_packed' depends on axioms: [propext,
 Classical.choice,
 Quot.sound]
info: Challenge/Ripemd160/Submission/Proofs/Bytecode/PairStoreMerge.lean:249:0: 'Challenge.Ripemd160.Submission.Proofs.Bytecode.PairStoreMerge.three_store_merge' depends on axioms: [propext,
 Classical.choice,
 Quot.sound]
ℹ [1043/1044] Replayed Challenge.Ripemd160.Submission.Proofs.Bytecode.Pair13PoolRaw
info: Challenge/Ripemd160/Submission/Proofs/Bytecode/Pair13PoolRaw.lean:336:0: 'Challenge.Ripemd160.Submission.Proofs.Bytecode.Pair13PoolRaw.run_actualV2' depends on axioms: [propext, Quot.sound]
info: Challenge/Ripemd160/Submission/Proofs/Bytecode/Pair13PoolRaw.lean:458:0: 'Challenge.Ripemd160.Submission.Proofs.Bytecode.Pair13PoolRaw.poolWord_dual' depends on axioms: [propext,
 Classical.choice,
 Quot.sound]
info: Challenge/Ripemd160/Submission/Proofs/Bytecode/Pair13PoolRaw.lean:459:0: 'Challenge.Ripemd160.Submission.Proofs.Bytecode.Pair13PoolRaw.poolWord_three' depends on axioms: [propext,
 Classical.choice,
 Quot.sound]
ℹ [1044/1044] Built Challenge.Ripemd160.Submission.Proofs.Bytecode.Pair13WriterRaw (16s)
info: Challenge/Ripemd160/Submission/Proofs/Bytecode/Pair13WriterRaw.lean:280:0: 'Challenge.Ripemd160.Submission.Proofs.Bytecode.Pair13WriterRaw.run_chunk0' depends on axioms: [propext, Quot.sound]
info: Challenge/Ripemd160/Submission/Proofs/Bytecode/Pair13WriterRaw.lean:381:0: 'Challenge.Ripemd160.Submission.Proofs.Bytecode.Pair13WriterRaw.run_chunk1' depends on axioms: [propext, Quot.sound]
info: Challenge/Ripemd160/Submission/Proofs/Bytecode/Pair13WriterRaw.lean:488:0: 'Challenge.Ripemd160.Submission.Proofs.Bytecode.Pair13WriterRaw.run_chunk2' depends on axioms: [propext, Quot.sound]
info: Challenge/Ripemd160/Submission/Proofs/Bytecode/Pair13WriterRaw.lean:586:0: 'Challenge.Ripemd160.Submission.Proofs.Bytecode.Pair13WriterRaw.run_chunk3' depends on axioms: [propext, Quot.sound]
info: Challenge/Ripemd160/Submission/Proofs/Bytecode/Pair13WriterRaw.lean:662:0: 'Challenge.Ripemd160.Submission.Proofs.Bytecode.Pair13WriterRaw.run_chunk4' depends on axioms: [propext, Quot.sound]
info: Challenge/Ripemd160/Submission/Proofs/Bytecode/Pair13WriterRaw.lean:729:0: 'Challenge.Ripemd160.Submission.Proofs.Bytecode.Pair13WriterRaw.run_chunk5' depends on axioms: [propext, Quot.sound]
info: Challenge/Ripemd160/Submission/Proofs/Bytecode/Pair13WriterRaw.lean:986:0: 'Challenge.Ripemd160.Submission.Proofs.Bytecode.Pair13WriterRaw.keys_sorted' does not depend on any axioms
info: Challenge/Ripemd160/Submission/Proofs/Bytecode/Pair13WriterRaw.lean:987:0: 'Challenge.Ripemd160.Submission.Proofs.Bytecode.Pair13WriterRaw.slotOrder_ok' does not depend on any axioms
info: Challenge/Ripemd160/Submission/Proofs/Bytecode/Pair13WriterRaw.lean:988:0: 'Challenge.Ripemd160.Submission.Proofs.Bytecode.Pair13WriterRaw.sorted_eq' depends on axioms: [propext]
info: Challenge/Ripemd160/Submission/Proofs/Bytecode/Pair13WriterRaw.lean:989:0: 'Challenge.Ripemd160.Submission.Proofs.Bytecode.Pair13WriterRaw.raw_eq_writer' depends on axioms: [propext,
 Classical.choice,
 Quot.sound]
info: Challenge/Ripemd160/Submission/Proofs/Bytecode/Pair13WriterRaw.lean:1094:0: 'Challenge.Ripemd160.Submission.Proofs.Bytecode.Pair13WriterRaw.run_writer_grow' depends on axioms: [propext,
 Classical.choice,
 Quot.sound]
info: Challenge/Ripemd160/Submission/Proofs/Bytecode/Pair13WriterRaw.lean:1095:0: 'Challenge.Ripemd160.Submission.Proofs.Bytecode.Pair13WriterRaw.run_writer' depends on axioms: [propext,
 Classical.choice,
 Quot.sound]
Build completed successfully (1044 jobs).
